Saving image: raytrace.png
